// Jest Snapshot v1, https://goo.gl/fbAQLP

exports[`Проверка кнопки "Добавить" 1`] = `
<div
  className="MobileCompany"
>
  <input
    className="notTable"
    data="all"
    onClick={[Function]}
    type="button"
    value="Все"
  />
  <input
    className="notTable"
    data="active"
    onClick={[Function]}
    type="button"
    value="Активные"
  />
  <input
    className="notTable"
    data="blocked"
    onClick={[Function]}
    type="button"
    value="Заблокированные"
  />
  <hr />
  <div
    className="MobileCompanyClients"
  >
    <table>
      <tbody>
        <tr
          className="MobileClient"
        >
          <th
            className="ColumnN"
          >
              
            Фамилия
          </th>
          <th
            className="ColumnN"
          >
              
            Имя
          </th>
          <th
            className="ColumnN"
          >
              
            Отчество
          </th>
          <th
            className="ColumnN"
          >
              
            Баланс
          </th>
          <th
            className="ColumnN"
          >
              
            Статус
          </th>
          <th
            className="ColumnN"
          >
              
            Редактировать
          </th>
          <th
            className="ColumnN"
          >
              
            Удалить
          </th>
        </tr>
        <tr
          className="MobileClient"
          onClick={[Function]}
        >
          <td
            className="StatusActive"
          >
            Иванов
          </td>
          <td
            className="StatusActive"
          >
            Иван
          </td>
          <td
            className="StatusActive"
          >
            Иванович
          </td>
          <td
            className="StatusActive"
          >
            2
          </td>
          <td
            className="StatusActive"
          >
            active
          </td>
          <td
            className="StatusActive"
          >
            <input
              className="inTable"
              disabled={false}
              onClick={[Function]}
              type="button"
              value="Редактировать"
            />
          </td>
          <td
            className="StatusActive"
          >
            <input
              className="inTable"
              data="del101"
              disabled={false}
              onClick={[Function]}
              type="button"
              value="Удалить"
            />
             
          </td>
        </tr>
        <tr
          className="MobileClient"
          onClick={[Function]}
        >
          <td
            className="StatusActive"
          >
            Сидоров 
          </td>
          <td
            className="StatusActive"
          >
            Сидор
          </td>
          <td
            className="StatusActive"
          >
            Сидорович 
          </td>
          <td
            className="StatusActive"
          >
            250
          </td>
          <td
            className="StatusActive"
          >
            active
          </td>
          <td
            className="StatusActive"
          >
            <input
              className="inTable"
              disabled={false}
              onClick={[Function]}
              type="button"
              value="Редактировать"
            />
          </td>
          <td
            className="StatusActive"
          >
            <input
              className="inTable"
              data="del102"
              disabled={false}
              onClick={[Function]}
              type="button"
              value="Удалить"
            />
             
          </td>
        </tr>
        <tr
          className="MobileClient"
          onClick={[Function]}
        >
          <td
            className="StatusActive"
          >
            Петров
          </td>
          <td
            className="StatusActive"
          >
            Петр
          </td>
          <td
            className="StatusActive"
          >
            Петрович
          </td>
          <td
            className="StatusActive"
          >
            180
          </td>
          <td
            className="StatusActive"
          >
            active
          </td>
          <td
            className="StatusActive"
          >
            <input
              className="inTable"
              disabled={false}
              onClick={[Function]}
              type="button"
              value="Редактировать"
            />
          </td>
          <td
            className="StatusActive"
          >
            <input
              className="inTable"
              data="del103"
              disabled={false}
              onClick={[Function]}
              type="button"
              value="Удалить"
            />
             
          </td>
        </tr>
        <tr
          className="MobileClient"
          onClick={[Function]}
        >
          <td
            className="StatusActive"
          >
            Григорьев
          </td>
          <td
            className="StatusActive"
          >
            Григорий
          </td>
          <td
            className="StatusActive"
          >
            Григорьевич
          </td>
          <td
            className="StatusActive"
          >
            0
          </td>
          <td
            className="StatusBlocked"
          >
            blocked
          </td>
          <td
            className="StatusActive"
          >
            <input
              className="inTable"
              disabled={false}
              onClick={[Function]}
              type="button"
              value="Редактировать"
            />
          </td>
          <td
            className="StatusActive"
          >
            <input
              className="inTable"
              data="del104"
              disabled={false}
              onClick={[Function]}
              type="button"
              value="Удалить"
            />
             
          </td>
        </tr>
      </tbody>
    </table>
  </div>
  <input
    className="inTable"
    data="add"
    disabled={false}
    onClick={[Function]}
    type="button"
    value="Добавить клиента"
  />
</div>
`;

exports[`Проверка кнопки "Добавить" 2`] = `
<div
  className="MobileCompany"
>
  <input
    className="notTable"
    data="all"
    onClick={[Function]}
    type="button"
    value="Все"
  />
  <input
    className="notTable"
    data="active"
    onClick={[Function]}
    type="button"
    value="Активные"
  />
  <input
    className="notTable"
    data="blocked"
    onClick={[Function]}
    type="button"
    value="Заблокированные"
  />
  <hr />
  <div
    className="MobileCompanyClients"
  >
    <table>
      <tbody>
        <tr
          className="MobileClient"
        >
          <th
            className="ColumnN"
          >
              
            Фамилия
          </th>
          <th
            className="ColumnN"
          >
              
            Имя
          </th>
          <th
            className="ColumnN"
          >
              
            Отчество
          </th>
          <th
            className="ColumnN"
          >
              
            Баланс
          </th>
          <th
            className="ColumnN"
          >
              
            Статус
          </th>
          <th
            className="ColumnN"
          >
              
            Редактировать
          </th>
          <th
            className="ColumnN"
          >
              
            Удалить
          </th>
        </tr>
        <tr
          className="MobileClient"
          onClick={[Function]}
        >
          <td
            className="StatusActive"
          >
            Иванов
          </td>
          <td
            className="StatusActive"
          >
            Иван
          </td>
          <td
            className="StatusActive"
          >
            Иванович
          </td>
          <td
            className="StatusActive"
          >
            2
          </td>
          <td
            className="StatusActive"
          >
            active
          </td>
          <td
            className="StatusActive"
          >
            <input
              className="inTable"
              disabled={false}
              onClick={[Function]}
              type="button"
              value="Редактировать"
            />
          </td>
          <td
            className="StatusActive"
          >
            <input
              className="inTable"
              data="del101"
              disabled={false}
              onClick={[Function]}
              type="button"
              value="Удалить"
            />
             
          </td>
        </tr>
        <tr
          className="MobileClient"
          onClick={[Function]}
        >
          <td
            className="StatusActive"
          >
            Сидоров 
          </td>
          <td
            className="StatusActive"
          >
            Сидор
          </td>
          <td
            className="StatusActive"
          >
            Сидорович 
          </td>
          <td
            className="StatusActive"
          >
            250
          </td>
          <td
            className="StatusActive"
          >
            active
          </td>
          <td
            className="StatusActive"
          >
            <input
              className="inTable"
              disabled={false}
              onClick={[Function]}
              type="button"
              value="Редактировать"
            />
          </td>
          <td
            className="StatusActive"
          >
            <input
              className="inTable"
              data="del102"
              disabled={false}
              onClick={[Function]}
              type="button"
              value="Удалить"
            />
             
          </td>
        </tr>
        <tr
          className="MobileClient"
          onClick={[Function]}
        >
          <td
            className="StatusActive"
          >
            Петров
          </td>
          <td
            className="StatusActive"
          >
            Петр
          </td>
          <td
            className="StatusActive"
          >
            Петрович
          </td>
          <td
            className="StatusActive"
          >
            180
          </td>
          <td
            className="StatusActive"
          >
            active
          </td>
          <td
            className="StatusActive"
          >
            <input
              className="inTable"
              disabled={false}
              onClick={[Function]}
              type="button"
              value="Редактировать"
            />
          </td>
          <td
            className="StatusActive"
          >
            <input
              className="inTable"
              data="del103"
              disabled={false}
              onClick={[Function]}
              type="button"
              value="Удалить"
            />
             
          </td>
        </tr>
        <tr
          className="MobileClient"
          onClick={[Function]}
        >
          <td
            className="StatusActive"
          >
            Григорьев
          </td>
          <td
            className="StatusActive"
          >
            Григорий
          </td>
          <td
            className="StatusActive"
          >
            Григорьевич
          </td>
          <td
            className="StatusActive"
          >
            0
          </td>
          <td
            className="StatusBlocked"
          >
            blocked
          </td>
          <td
            className="StatusActive"
          >
            <input
              className="inTable"
              disabled={false}
              onClick={[Function]}
              type="button"
              value="Редактировать"
            />
          </td>
          <td
            className="StatusActive"
          >
            <input
              className="inTable"
              data="del104"
              disabled={false}
              onClick={[Function]}
              type="button"
              value="Удалить"
            />
             
          </td>
        </tr>
        <tr
          className="MobileClient"
          onClick={[Function]}
        >
          <td
            className="StatusActive"
          >
            
          </td>
          <td
            className="StatusActive"
          >
            
          </td>
          <td
            className="StatusActive"
          >
            
          </td>
          <td
            className="StatusActive"
          >
            0
          </td>
          <td
            className="StatusBlocked"
          >
            blocked
          </td>
          <td
            className="StatusActive"
          >
            <input
              className="inTable"
              disabled={false}
              onClick={[Function]}
              type="button"
              value="Редактировать"
            />
          </td>
          <td
            className="StatusActive"
          >
            <input
              className="inTable"
              data="del105"
              disabled={false}
              onClick={[Function]}
              type="button"
              value="Удалить"
            />
             
          </td>
        </tr>
      </tbody>
    </table>
  </div>
  <input
    className="inTable"
    data="add"
    disabled={false}
    onClick={[Function]}
    type="button"
    value="Добавить клиента"
  />
  <div
    className="MobileClientCard"
  >
    <legend
      className="MobileCompanyName"
    >
      Изменение карточки клиента
    </legend>
    <table
      className="itemData2"
    >
      <tbody>
        <tr
          className="itemData2"
        >
          <td
            className="itemData2"
          >
            Фамилия
          </td>
          <td
            className="itemData2"
          >
            
          </td>
          <td>
            <input
              className="itemData2"
              defaultValue=""
              onBlur={[Function]}
              type="text"
            />
          </td>
        </tr>
        <tr>
          <td
            className="itemData2"
          >
            Имя
          </td>
          <td
            className="itemData2"
          >
            
          </td>
          <td
            className="itemData2"
          >
            <input
              className="itemData2"
              defaultValue=""
              onBlur={[Function]}
              type="text"
            />
          </td>
        </tr>
        <tr>
          <td
            className="itemData2"
          >
            Отчество
          </td>
          <td
            className="itemData2"
          >
            
          </td>
          <td
            className="itemData2"
          >
            <input
              className="itemData2"
              defaultValue=""
              onBlur={[Function]}
              type="text"
            />
          </td>
        </tr>
        <tr>
          <td
            className="itemData2"
          >
            Баланс
          </td>
          <td
            className="itemData2"
          >
            0
          </td>
          <td
            className="itemData2"
          >
            <input
              className="itemData2"
              defaultValue={0}
              onBlur={undefined}
              type="text"
            />
          </td>
        </tr>
        <tr>
          <td
            className="itemData2"
          >
            Статус
          </td>
          <td
            className="StatusBlocked"
          >
            blocked
          </td>
          <td
            className="itemData2"
          />
        </tr>
        <tr>
          <td
            className="itemData2"
          >
            <input
              className="CardButton"
              disabled={false}
              onClick={[Function]}
              type="button"
              value="СОХРАНИТЬ"
            />
          </td>
          <td
            className="itemData2"
          >
            <input
              className="CardButton"
              onClick={[Function]}
              type="button"
              value="СБРОСИТЬ"
            />
          </td>
        </tr>
      </tbody>
    </table>
  </div>
</div>
`;

exports[`Проверка кнопки "Добавить" 3`] = `
<div
  className="MobileCompany"
>
  <input
    className="notTable"
    data="all"
    onClick={[Function]}
    type="button"
    value="Все"
  />
  <input
    className="notTable"
    data="active"
    onClick={[Function]}
    type="button"
    value="Активные"
  />
  <input
    className="notTable"
    data="blocked"
    onClick={[Function]}
    type="button"
    value="Заблокированные"
  />
  <hr />
  <div
    className="MobileCompanyClients"
  >
    <table>
      <tbody>
        <tr
          className="MobileClient"
        >
          <th
            className="ColumnN"
          >
              
            Фамилия
          </th>
          <th
            className="ColumnN"
          >
              
            Имя
          </th>
          <th
            className="ColumnN"
          >
              
            Отчество
          </th>
          <th
            className="ColumnN"
          >
              
            Баланс
          </th>
          <th
            className="ColumnN"
          >
              
            Статус
          </th>
          <th
            className="ColumnN"
          >
              
            Редактировать
          </th>
          <th
            className="ColumnN"
          >
              
            Удалить
          </th>
        </tr>
        <tr
          className="MobileClient"
          onClick={[Function]}
        >
          <td
            className="StatusActive"
          >
            Иванов
          </td>
          <td
            className="StatusActive"
          >
            Иван
          </td>
          <td
            className="StatusActive"
          >
            Иванович
          </td>
          <td
            className="StatusActive"
          >
            2
          </td>
          <td
            className="StatusActive"
          >
            active
          </td>
          <td
            className="StatusActive"
          >
            <input
              className="inTable"
              disabled={false}
              onClick={[Function]}
              type="button"
              value="Редактировать"
            />
          </td>
          <td
            className="StatusActive"
          >
            <input
              className="inTable"
              data="del101"
              disabled={false}
              onClick={[Function]}
              type="button"
              value="Удалить"
            />
             
          </td>
        </tr>
        <tr
          className="MobileClient"
          onClick={[Function]}
        >
          <td
            className="StatusActive"
          >
            Сидоров 
          </td>
          <td
            className="StatusActive"
          >
            Сидор
          </td>
          <td
            className="StatusActive"
          >
            Сидорович 
          </td>
          <td
            className="StatusActive"
          >
            250
          </td>
          <td
            className="StatusActive"
          >
            active
          </td>
          <td
            className="StatusActive"
          >
            <input
              className="inTable"
              disabled={false}
              onClick={[Function]}
              type="button"
              value="Редактировать"
            />
          </td>
          <td
            className="StatusActive"
          >
            <input
              className="inTable"
              data="del102"
              disabled={false}
              onClick={[Function]}
              type="button"
              value="Удалить"
            />
             
          </td>
        </tr>
        <tr
          className="MobileClient"
          onClick={[Function]}
        >
          <td
            className="StatusActive"
          >
            Петров
          </td>
          <td
            className="StatusActive"
          >
            Петр
          </td>
          <td
            className="StatusActive"
          >
            Петрович
          </td>
          <td
            className="StatusActive"
          >
            180
          </td>
          <td
            className="StatusActive"
          >
            active
          </td>
          <td
            className="StatusActive"
          >
            <input
              className="inTable"
              disabled={false}
              onClick={[Function]}
              type="button"
              value="Редактировать"
            />
          </td>
          <td
            className="StatusActive"
          >
            <input
              className="inTable"
              data="del103"
              disabled={false}
              onClick={[Function]}
              type="button"
              value="Удалить"
            />
             
          </td>
        </tr>
        <tr
          className="MobileClient"
          onClick={[Function]}
        >
          <td
            className="StatusActive"
          >
            Григорьев
          </td>
          <td
            className="StatusActive"
          >
            Григорий
          </td>
          <td
            className="StatusActive"
          >
            Григорьевич
          </td>
          <td
            className="StatusActive"
          >
            0
          </td>
          <td
            className="StatusBlocked"
          >
            blocked
          </td>
          <td
            className="StatusActive"
          >
            <input
              className="inTable"
              disabled={false}
              onClick={[Function]}
              type="button"
              value="Редактировать"
            />
          </td>
          <td
            className="StatusActive"
          >
            <input
              className="inTable"
              data="del104"
              disabled={false}
              onClick={[Function]}
              type="button"
              value="Удалить"
            />
             
          </td>
        </tr>
        <tr
          className="MobileClient"
          onClick={[Function]}
        >
          <td
            className="StatusActive"
          >
            
          </td>
          <td
            className="StatusActive"
          >
            
          </td>
          <td
            className="StatusActive"
          >
            
          </td>
          <td
            className="StatusActive"
          >
            0
          </td>
          <td
            className="StatusBlocked"
          >
            blocked
          </td>
          <td
            className="StatusActive"
          >
            <input
              className="inTable"
              disabled={false}
              onClick={[Function]}
              type="button"
              value="Редактировать"
            />
          </td>
          <td
            className="StatusActive"
          >
            <input
              className="inTable"
              data="del105"
              disabled={false}
              onClick={[Function]}
              type="button"
              value="Удалить"
            />
             
          </td>
        </tr>
        <tr
          className="MobileClient"
          onClick={[Function]}
        >
          <td
            className="StatusActive"
          >
            
          </td>
          <td
            className="StatusActive"
          >
            
          </td>
          <td
            className="StatusActive"
          >
            
          </td>
          <td
            className="StatusActive"
          >
            0
          </td>
          <td
            className="StatusBlocked"
          >
            blocked
          </td>
          <td
            className="StatusActive"
          >
            <input
              className="inTable"
              disabled={false}
              onClick={[Function]}
              type="button"
              value="Редактировать"
            />
          </td>
          <td
            className="StatusActive"
          >
            <input
              className="inTable"
              data="del106"
              disabled={false}
              onClick={[Function]}
              type="button"
              value="Удалить"
            />
             
          </td>
        </tr>
      </tbody>
    </table>
  </div>
  <input
    className="inTable"
    data="add"
    disabled={false}
    onClick={[Function]}
    type="button"
    value="Добавить клиента"
  />
  <div
    className="MobileClientCard"
  >
    <legend
      className="MobileCompanyName"
    >
      Изменение карточки клиента
    </legend>
    <table
      className="itemData2"
    >
      <tbody>
        <tr
          className="itemData2"
        >
          <td
            className="itemData2"
          >
            Фамилия
          </td>
          <td
            className="itemData2"
          >
            
          </td>
          <td>
            <input
              className="itemData2"
              defaultValue=""
              onBlur={[Function]}
              type="text"
            />
          </td>
        </tr>
        <tr>
          <td
            className="itemData2"
          >
            Имя
          </td>
          <td
            className="itemData2"
          >
            
          </td>
          <td
            className="itemData2"
          >
            <input
              className="itemData2"
              defaultValue=""
              onBlur={[Function]}
              type="text"
            />
          </td>
        </tr>
        <tr>
          <td
            className="itemData2"
          >
            Отчество
          </td>
          <td
            className="itemData2"
          >
            
          </td>
          <td
            className="itemData2"
          >
            <input
              className="itemData2"
              defaultValue=""
              onBlur={[Function]}
              type="text"
            />
          </td>
        </tr>
        <tr>
          <td
            className="itemData2"
          >
            Баланс
          </td>
          <td
            className="itemData2"
          >
            0
          </td>
          <td
            className="itemData2"
          >
            <input
              className="itemData2"
              defaultValue={0}
              onBlur={undefined}
              type="text"
            />
          </td>
        </tr>
        <tr>
          <td
            className="itemData2"
          >
            Статус
          </td>
          <td
            className="StatusBlocked"
          >
            blocked
          </td>
          <td
            className="itemData2"
          />
        </tr>
        <tr>
          <td
            className="itemData2"
          >
            <input
              className="CardButton"
              disabled={false}
              onClick={[Function]}
              type="button"
              value="СОХРАНИТЬ"
            />
          </td>
          <td
            className="itemData2"
          >
            <input
              className="CardButton"
              onClick={[Function]}
              type="button"
              value="СБРОСИТЬ"
            />
          </td>
        </tr>
      </tbody>
    </table>
  </div>
</div>
`;
